Compiling ECE 7385 Project...
rm -f hist_bench *.log
nvcc -arch=sm_80 -O3 -Iinclude/ src/main.cu src/cpu_baseline.cu src/data_loader.cu -o hist_bench

Starting Integration Handshake (X-Ray Data)...

>>> Benchmarking Image [1/3]: data/chest_xray/train/NORMAL/IM-0115-0001.jpeg
[DataLoader] Loaded data/chest_xray/train/NORMAL/IM-0115-0001.jpeg | 2090x1858 | channels_raw=1 | pixels=3883220
[DataLoader] Sample pixels [0,1,2,3,4]: 22 24 24 23 22
[Result] Size: 3883220 px | Time: 1.4470 ms
[PASS] Histogram Match Check

>>> Benchmarking Image [2/3]: data/chest_xray/train/NORMAL/IM-0117-0001.jpeg
[DataLoader] Loaded data/chest_xray/train/NORMAL/IM-0117-0001.jpeg | 1422x1152 | channels_raw=1 | pixels=1638144
[DataLoader] Sample pixels [0,1,2,3,4]: 11 11 15 15 15
[Result] Size: 1638144 px | Time: 0.5123 ms
[PASS] Histogram Match Check

>>> Benchmarking Image [3/3]: data/chest_xray/train/PNEUMONIA/person1_bacteria_1.jpeg
[DataLoader] Loaded data/chest_xray/train/PNEUMONIA/person1_bacteria_1.jpeg | 712x439 | channels_raw=3 | pixels=312568
[DataLoader] Sample pixels [0,1,2,3,4]: 69 69 69 69 69
[Result] Size: 312568 px | Time: 0.1023 ms
[PASS] Histogram Match Check

All images processed successfully!